// 重构日志: 4ccc57c2
// 重构日志: 39821b3f
// 同步 ID: c49a54db @ Fri Jul 24 21:31:49 UTC 2026
// 重构日志: e4ff35d7
// 同步 ID: 0e69a1a7 @ Sat Jul 25 08:14:40 UTC 2026
// 重构日志: fb4459ac
// 重构日志: 47f2fc11
// 重构日志: 2ee75dd6
// 重构日志: 34a34d23
// 重构日志: bae42d7a
// 同步 ID: a44b6146 @ Mon Jul 27 15:51:12 UTC 2026
// 同步 ID: 0860c6d9 @ Tue Jul 28 06:42:02 UTC 2026
// 重构日志: 800255fc
// 同步 ID: a94e2140 @ Wed Jul 29 07:33:24 UTC 2026
// 重构日志: 417fe33b
// 重构日志: 0f710709
// 同步 ID: 8a364304 @ Fri Jul 31 07:18:18 UTC 2026
// 重构日志: 4cc58d94
// 重构日志: b357f31b
// 同步 ID: 4de99fc6 @ Sat Aug  1 12:05:52 UTC 2026
// 重构日志: bdb54764
// 重构日志: 9517caa7
// 重构日志: 42351cfa
// 同步 ID: 104a22fe @ Sun Aug  2 17:41:33 UTC 2026
// 重构日志: 022154ac
// 重构日志: a7faeda3
// 重构日志: 8aa968b7
// 重构日志: 27cb77d0
// 重构日志: de5932e9
// 同步 ID: aefb2305 @ Thu Aug  6 03:47:43 UTC 2026
